#-----------------------------------------------------------
# Vivado v2024.1 (64-bit)
# SW Build 5076996 on Wed May 22 18:36:09 MDT 2024
# IP Build 5075265 on Wed May 22 21:45:21 MDT 2024
# SharedData Build 5076995 on Wed May 22 18:29:18 MDT 2024
# Start of session at: Sat Jul 26 20:12:57 2025
# Process ID: 1817965
# Current directory: /home/shuvadeep/Documents/Work/RISC_V/cpu_top/emulation/uart_lcd_emulation/uart_lcd_emulation.runs/impl_1
# Command line: vivado -log Uart_top.vdi -applog -product Vivado -messageDb vivado.pb -mode batch -source Uart_top.tcl -notrace
# Log file: /home/shuvadeep/Documents/Work/RISC_V/cpu_top/emulation/uart_lcd_emulation/uart_lcd_emulation.runs/impl_1/Uart_top.vdi
# Journal file: /home/shuvadeep/Documents/Work/RISC_V/cpu_top/emulation/uart_lcd_emulation/uart_lcd_emulation.runs/impl_1/vivado.jou
# Running On        :shuvadeep-HP-ENVY-x360-2-in-1-Laptop-15-ew0xxx
# Platform          :Ubuntu
# Operating System  :Ubuntu 20.04.6 LTS
# Processor Detail  :12th Gen Intel(R) Core(TM) i7-1255U
# CPU Frequency     :2599.998 MHz
# CPU Physical cores:10
# CPU Logical cores :12
# Host memory       :16463 MB
# Swap memory       :2147 MB
# Total Virtual     :18611 MB
# Available Virtual :13937 MB
#-----------------------------------------------------------
source Uart_top.tcl -notrace
